// Jest Snapshot v1, https://goo.gl/fbAQLP

exports[`Search renders correctly to match the Search snapshot 1`] = `
<DocumentFragment>
  <form
    class="search-form"
  >
    <input
      class="search-input"
      placeholder="Search for an image"
      type="text"
    />
    <button
      class="submit-button"
      name="go"
      type="submit"
    >
      Go!
    </button>
  </form>
</DocumentFragment>
`;
